Configuration file: /Users/jangyoung/Documents/Github/akillness.github.io/_config.yml
 Theme Config file: /Users/jangyoung/Documents/Github/akillness.github.io/_config.yml
            Source: /Users/jangyoung/Documents/Github/akillness.github.io
       Destination: /Users/jangyoung/Documents/Github/akillness.github.io/_site
 Incremental build: disabled. Enable with --incremental
      Generating... 
[33m    Liquid Warning: Liquid syntax error (line 343): Unexpected character { in "{{ "issues": [ {{ "type": "overpowered|underpowered|unbalanced", "target": "character_name|weapon_name", "severity": "high|medium|low", "description": "...", "evidence": "..." }}" in /Users/jangyoung/Documents/Github/akillness.github.io/_posts/2025-11-18-gemini-3-multi-agent-comprehensive-guide.md[0m
[33m    Liquid Warning: Liquid syntax error (line 354): Expected end_of_string but found colon in "{{ "action": "...", "target": "...", "expected_impact": "..." }}" in /Users/jangyoung/Documents/Github/akillness.github.io/_posts/2025-11-18-gemini-3-multi-agent-comprehensive-guide.md[0m
[33m    Liquid Warning: Liquid syntax error (line 550): Unexpected character { in "{{ "steps": [ {{ "step": 1, "agent": "agent_name", "task": "specific task", "dependencies": [] }}" in /Users/jangyoung/Documents/Github/akillness.github.io/_posts/2025-11-18-gemini-3-multi-agent-comprehensive-guide.md[0m
[33m    Liquid Warning: Liquid syntax error (line 431): Expected end_of_string but found colon in "{{ "prompt": "Optimized prompt", "rationale": "Reason for prompt design", "improvements": ["Improvement 1", "Improvement 2"] }}" in /Users/jangyoung/Documents/Github/akillness.github.io/_posts/2025-11-21-multi-agent-prompt-engineering-gemini-en.md[0m
[33m    Liquid Warning: Liquid syntax error (line 485): Unexpected character { in "{{ "steps": [ {{ "step": 1, "agent": "agent_name", "task": "Specific task", "dependencies": [] }}" in /Users/jangyoung/Documents/Github/akillness.github.io/_posts/2025-11-21-multi-agent-prompt-engineering-gemini-en.md[0m
[33m    Liquid Warning: Liquid syntax error (line 552): Unexpected character { in "{{ "optimized_prompts": {{ "agent_name": {{ "prompt": "Improved prompt", "improvements": ["Improvement 1", "Improvement 2"], "expected_impact": "Expected impact" }}" in /Users/jangyoung/Documents/Github/akillness.github.io/_posts/2025-11-21-multi-agent-prompt-engineering-gemini-en.md[0m
[33m    Liquid Warning: Liquid syntax error (line 159): Unexpected character { in "{{ "actions": [ {{ "type": "click|type|navigate|wait", "target": "element identifier", "value": "action value if needed", "expected_result": "what should happen" }}" in /Users/jangyoung/Documents/Github/akillness.github.io/_posts/2025-11-24-microsoft-fara-7b-efficient-agentic-computer-use.md[0m
[31mError: $color: var(--main-border-color) is not a color.
    ╷
127 │     4px 4px 0 darken($color, 10%),
    │               ^^^^^^^^^^^^^^^^^^^
    ╵
  /Users/jangyoung/Documents/Github/akillness.github.io/_sass/addon/pixel.scss 127:15            voxel-block()
  /Users/jangyoung/Documents/Github/akillness.github.io/_sass/addon/commons.scss 384:3           @import
  main.scss 8:9                                                                                  @import
  /Users/jangyoung/Documents/Github/akillness.github.io/assets/css/jekyll-theme-chirpy.scss 1:9  root stylesheet [0m
[31m  Conversion error: Jekyll::Converters::Scss encountered an error while converting 'assets/css/jekyll-theme-chirpy.scss':[0m
[31m                    $color: var(--main-border-color) is not a color.[0m
bundler: failed to load command: jekyll (/Users/jangyoung/.rbenv/versions/3.0.6/bin/jekyll)
/Users/jangyoung/.rbenv/versions/3.0.6/lib/ruby/gems/3.0.0/gems/jekyll-sass-converter-3.0.0/lib/jekyll/converters/scss.rb:175:in `rescue in convert': $color: var(--main-border-color) is not a color. (Jekyll::Converters::Scss::SyntaxError)
	from /Users/jangyoung/.rbenv/versions/3.0.6/lib/ruby/gems/3.0.0/gems/jekyll-sass-converter-3.0.0/lib/jekyll/converters/scss.rb:159:in `convert'
	from /Users/jangyoung/.rbenv/versions/3.0.6/lib/ruby/gems/3.0.0/gems/jekyll-4.4.1/lib/jekyll/renderer.rb:105:in `block in convert'
	from /Users/jangyoung/.rbenv/versions/3.0.6/lib/ruby/gems/3.0.0/gems/jekyll-4.4.1/lib/jekyll/renderer.rb:104:in `each'
	from /Users/jangyoung/.rbenv/versions/3.0.6/lib/ruby/gems/3.0.0/gems/jekyll-4.4.1/lib/jekyll/renderer.rb:104:in `reduce'
	from /Users/jangyoung/.rbenv/versions/3.0.6/lib/ruby/gems/3.0.0/gems/jekyll-4.4.1/lib/jekyll/renderer.rb:104:in `convert'
	from /Users/jangyoung/.rbenv/versions/3.0.6/lib/ruby/gems/3.0.0/gems/jekyll-4.4.1/lib/jekyll/renderer.rb:84:in `render_document'
	from /Users/jangyoung/.rbenv/versions/3.0.6/lib/ruby/gems/3.0.0/gems/jekyll-4.4.1/lib/jekyll/renderer.rb:63:in `run'
	from /Users/jangyoung/.rbenv/versions/3.0.6/lib/ruby/gems/3.0.0/gems/jekyll-4.4.1/lib/jekyll/site.rb:572:in `render_regenerated'
	from /Users/jangyoung/.rbenv/versions/3.0.6/lib/ruby/gems/3.0.0/gems/jekyll-4.4.1/lib/jekyll/site.rb:564:in `block in render_pages'
	from /Users/jangyoung/.rbenv/versions/3.0.6/lib/ruby/gems/3.0.0/gems/jekyll-4.4.1/lib/jekyll/site.rb:563:in `each'
	from /Users/jangyoung/.rbenv/versions/3.0.6/lib/ruby/gems/3.0.0/gems/jekyll-4.4.1/lib/jekyll/site.rb:563:in `render_pages'
	from /Users/jangyoung/.rbenv/versions/3.0.6/lib/ruby/gems/3.0.0/gems/jekyll-4.4.1/lib/jekyll/site.rb:211:in `render'
	from /Users/jangyoung/.rbenv/versions/3.0.6/lib/ruby/gems/3.0.0/gems/jekyll-4.4.1/lib/jekyll/site.rb:80:in `process'
	from /Users/jangyoung/.rbenv/versions/3.0.6/lib/ruby/gems/3.0.0/gems/jekyll-4.4.1/lib/jekyll/command.rb:28:in `process_site'
	from /Users/jangyoung/.rbenv/versions/3.0.6/lib/ruby/gems/3.0.0/gems/jekyll-4.4.1/lib/jekyll/commands/build.rb:65:in `build'
	from /Users/jangyoung/.rbenv/versions/3.0.6/lib/ruby/gems/3.0.0/gems/jekyll-4.4.1/lib/jekyll/commands/build.rb:36:in `process'
	from /Users/jangyoung/.rbenv/versions/3.0.6/lib/ruby/gems/3.0.0/gems/jekyll-4.4.1/lib/jekyll/command.rb:91:in `block in process_with_graceful_fail'
	from /Users/jangyoung/.rbenv/versions/3.0.6/lib/ruby/gems/3.0.0/gems/jekyll-4.4.1/lib/jekyll/command.rb:91:in `each'
	from /Users/jangyoung/.rbenv/versions/3.0.6/lib/ruby/gems/3.0.0/gems/jekyll-4.4.1/lib/jekyll/command.rb:91:in `process_with_graceful_fail'
	from /Users/jangyoung/.rbenv/versions/3.0.6/lib/ruby/gems/3.0.0/gems/jekyll-4.4.1/lib/jekyll/commands/build.rb:18:in `block (2 levels) in init_with_program'
	from /Users/jangyoung/.rbenv/versions/3.0.6/lib/ruby/gems/3.0.0/gems/mercenary-0.4.0/lib/mercenary/command.rb:221:in `block in execute'
	from /Users/jangyoung/.rbenv/versions/3.0.6/lib/ruby/gems/3.0.0/gems/mercenary-0.4.0/lib/mercenary/command.rb:221:in `each'
	from /Users/jangyoung/.rbenv/versions/3.0.6/lib/ruby/gems/3.0.0/gems/mercenary-0.4.0/lib/mercenary/command.rb:221:in `execute'
	from /Users/jangyoung/.rbenv/versions/3.0.6/lib/ruby/gems/3.0.0/gems/mercenary-0.4.0/lib/mercenary/program.rb:44:in `go'
	from /Users/jangyoung/.rbenv/versions/3.0.6/lib/ruby/gems/3.0.0/gems/mercenary-0.4.0/lib/mercenary.rb:21:in `program'
	from /Users/jangyoung/.rbenv/versions/3.0.6/lib/ruby/gems/3.0.0/gems/jekyll-4.4.1/exe/jekyll:15:in `<top (required)>'
	from /Users/jangyoung/.rbenv/versions/3.0.6/bin/jekyll:25:in `load'
	from /Users/jangyoung/.rbenv/versions/3.0.6/bin/jekyll:25:in `<top (required)>'
	from /Users/jangyoung/.rbenv/versions/3.0.6/lib/ruby/gems/3.0.0/gems/bundler-2.5.23/lib/bundler/cli/exec.rb:58:in `load'
	from /Users/jangyoung/.rbenv/versions/3.0.6/lib/ruby/gems/3.0.0/gems/bundler-2.5.23/lib/bundler/cli/exec.rb:58:in `kernel_load'
	from /Users/jangyoung/.rbenv/versions/3.0.6/lib/ruby/gems/3.0.0/gems/bundler-2.5.23/lib/bundler/cli/exec.rb:23:in `run'
	from /Users/jangyoung/.rbenv/versions/3.0.6/lib/ruby/gems/3.0.0/gems/bundler-2.5.23/lib/bundler/cli.rb:456:in `exec'
	from /Users/jangyoung/.rbenv/versions/3.0.6/lib/ruby/gems/3.0.0/gems/bundler-2.5.23/lib/bundler/vendor/thor/lib/thor/command.rb:28:in `run'
	from /Users/jangyoung/.rbenv/versions/3.0.6/lib/ruby/gems/3.0.0/gems/bundler-2.5.23/lib/bundler/vendor/thor/lib/thor/invocation.rb:127:in `invoke_command'
	from /Users/jangyoung/.rbenv/versions/3.0.6/lib/ruby/gems/3.0.0/gems/bundler-2.5.23/lib/bundler/vendor/thor/lib/thor.rb:527:in `dispatch'
	from /Users/jangyoung/.rbenv/versions/3.0.6/lib/ruby/gems/3.0.0/gems/bundler-2.5.23/lib/bundler/cli.rb:35:in `dispatch'
	from /Users/jangyoung/.rbenv/versions/3.0.6/lib/ruby/gems/3.0.0/gems/bundler-2.5.23/lib/bundler/vendor/thor/lib/thor/base.rb:584:in `start'
	from /Users/jangyoung/.rbenv/versions/3.0.6/lib/ruby/gems/3.0.0/gems/bundler-2.5.23/lib/bundler/cli.rb:29:in `start'
	from /Users/jangyoung/.rbenv/versions/3.0.6/lib/ruby/gems/3.0.0/gems/bundler-2.5.23/exe/bundle:28:in `block in <top (required)>'
	from /Users/jangyoung/.rbenv/versions/3.0.6/lib/ruby/gems/3.0.0/gems/bundler-2.5.23/lib/bundler/friendly_errors.rb:117:in `with_friendly_errors'
	from /Users/jangyoung/.rbenv/versions/3.0.6/lib/ruby/gems/3.0.0/gems/bundler-2.5.23/exe/bundle:20:in `<top (required)>'
	from /Users/jangyoung/.rbenv/versions/3.0.6/bin/bundle:23:in `load'
	from /Users/jangyoung/.rbenv/versions/3.0.6/bin/bundle:23:in `<main>'
/Users/jangyoung/.rbenv/versions/3.0.6/lib/ruby/gems/3.0.0/gems/sass-embedded-1.69.5-arm64-darwin/lib/sass/embedded/host/protofier.rb:24:in `from_proto_compile_response': $color: var(--main-border-color) is not a color. (Sass::CompileError)
	from /Users/jangyoung/.rbenv/versions/3.0.6/lib/ruby/gems/3.0.0/gems/sass-embedded-1.69.5-arm64-darwin/lib/sass/embedded/host.rb:67:in `compile_request'
	from /Users/jangyoung/.rbenv/versions/3.0.6/lib/ruby/gems/3.0.0/gems/sass-embedded-1.69.5-arm64-darwin/lib/sass/embedded.rb:212:in `compile_string'
	from /Users/jangyoung/.rbenv/versions/3.0.6/lib/ruby/gems/3.0.0/gems/sass-embedded-1.69.5-arm64-darwin/lib/sass/embedded.rb:50:in `compile_string'
	from /Users/jangyoung/.rbenv/versions/3.0.6/lib/ruby/gems/3.0.0/gems/jekyll-sass-converter-3.0.0/lib/jekyll/converters/scss.rb:160:in `convert'
	from /Users/jangyoung/.rbenv/versions/3.0.6/lib/ruby/gems/3.0.0/gems/jekyll-4.4.1/lib/jekyll/renderer.rb:105:in `block in convert'
	from /Users/jangyoung/.rbenv/versions/3.0.6/lib/ruby/gems/3.0.0/gems/jekyll-4.4.1/lib/jekyll/renderer.rb:104:in `each'
	from /Users/jangyoung/.rbenv/versions/3.0.6/lib/ruby/gems/3.0.0/gems/jekyll-4.4.1/lib/jekyll/renderer.rb:104:in `reduce'
	from /Users/jangyoung/.rbenv/versions/3.0.6/lib/ruby/gems/3.0.0/gems/jekyll-4.4.1/lib/jekyll/renderer.rb:104:in `convert'
	from /Users/jangyoung/.rbenv/versions/3.0.6/lib/ruby/gems/3.0.0/gems/jekyll-4.4.1/lib/jekyll/renderer.rb:84:in `render_document'
	from /Users/jangyoung/.rbenv/versions/3.0.6/lib/ruby/gems/3.0.0/gems/jekyll-4.4.1/lib/jekyll/renderer.rb:63:in `run'
	from /Users/jangyoung/.rbenv/versions/3.0.6/lib/ruby/gems/3.0.0/gems/jekyll-4.4.1/lib/jekyll/site.rb:572:in `render_regenerated'
	from /Users/jangyoung/.rbenv/versions/3.0.6/lib/ruby/gems/3.0.0/gems/jekyll-4.4.1/lib/jekyll/site.rb:564:in `block in render_pages'
	from /Users/jangyoung/.rbenv/versions/3.0.6/lib/ruby/gems/3.0.0/gems/jekyll-4.4.1/lib/jekyll/site.rb:563:in `each'
	from /Users/jangyoung/.rbenv/versions/3.0.6/lib/ruby/gems/3.0.0/gems/jekyll-4.4.1/lib/jekyll/site.rb:563:in `render_pages'
	from /Users/jangyoung/.rbenv/versions/3.0.6/lib/ruby/gems/3.0.0/gems/jekyll-4.4.1/lib/jekyll/site.rb:211:in `render'
	from /Users/jangyoung/.rbenv/versions/3.0.6/lib/ruby/gems/3.0.0/gems/jekyll-4.4.1/lib/jekyll/site.rb:80:in `process'
	from /Users/jangyoung/.rbenv/versions/3.0.6/lib/ruby/gems/3.0.0/gems/jekyll-4.4.1/lib/jekyll/command.rb:28:in `process_site'
	from /Users/jangyoung/.rbenv/versions/3.0.6/lib/ruby/gems/3.0.0/gems/jekyll-4.4.1/lib/jekyll/commands/build.rb:65:in `build'
	from /Users/jangyoung/.rbenv/versions/3.0.6/lib/ruby/gems/3.0.0/gems/jekyll-4.4.1/lib/jekyll/commands/build.rb:36:in `process'
	from /Users/jangyoung/.rbenv/versions/3.0.6/lib/ruby/gems/3.0.0/gems/jekyll-4.4.1/lib/jekyll/command.rb:91:in `block in process_with_graceful_fail'
	from /Users/jangyoung/.rbenv/versions/3.0.6/lib/ruby/gems/3.0.0/gems/jekyll-4.4.1/lib/jekyll/command.rb:91:in `each'
	from /Users/jangyoung/.rbenv/versions/3.0.6/lib/ruby/gems/3.0.0/gems/jekyll-4.4.1/lib/jekyll/command.rb:91:in `process_with_graceful_fail'
	from /Users/jangyoung/.rbenv/versions/3.0.6/lib/ruby/gems/3.0.0/gems/jekyll-4.4.1/lib/jekyll/commands/build.rb:18:in `block (2 levels) in init_with_program'
	from /Users/jangyoung/.rbenv/versions/3.0.6/lib/ruby/gems/3.0.0/gems/mercenary-0.4.0/lib/mercenary/command.rb:221:in `block in execute'
	from /Users/jangyoung/.rbenv/versions/3.0.6/lib/ruby/gems/3.0.0/gems/mercenary-0.4.0/lib/mercenary/command.rb:221:in `each'
	from /Users/jangyoung/.rbenv/versions/3.0.6/lib/ruby/gems/3.0.0/gems/mercenary-0.4.0/lib/mercenary/command.rb:221:in `execute'
	from /Users/jangyoung/.rbenv/versions/3.0.6/lib/ruby/gems/3.0.0/gems/mercenary-0.4.0/lib/mercenary/program.rb:44:in `go'
	from /Users/jangyoung/.rbenv/versions/3.0.6/lib/ruby/gems/3.0.0/gems/mercenary-0.4.0/lib/mercenary.rb:21:in `program'
	from /Users/jangyoung/.rbenv/versions/3.0.6/lib/ruby/gems/3.0.0/gems/jekyll-4.4.1/exe/jekyll:15:in `<top (required)>'
	from /Users/jangyoung/.rbenv/versions/3.0.6/bin/jekyll:25:in `load'
	from /Users/jangyoung/.rbenv/versions/3.0.6/bin/jekyll:25:in `<top (required)>'
	from /Users/jangyoung/.rbenv/versions/3.0.6/lib/ruby/gems/3.0.0/gems/bundler-2.5.23/lib/bundler/cli/exec.rb:58:in `load'
	from /Users/jangyoung/.rbenv/versions/3.0.6/lib/ruby/gems/3.0.0/gems/bundler-2.5.23/lib/bundler/cli/exec.rb:58:in `kernel_load'
	from /Users/jangyoung/.rbenv/versions/3.0.6/lib/ruby/gems/3.0.0/gems/bundler-2.5.23/lib/bundler/cli/exec.rb:23:in `run'
	from /Users/jangyoung/.rbenv/versions/3.0.6/lib/ruby/gems/3.0.0/gems/bundler-2.5.23/lib/bundler/cli.rb:456:in `exec'
	from /Users/jangyoung/.rbenv/versions/3.0.6/lib/ruby/gems/3.0.0/gems/bundler-2.5.23/lib/bundler/vendor/thor/lib/thor/command.rb:28:in `run'
	from /Users/jangyoung/.rbenv/versions/3.0.6/lib/ruby/gems/3.0.0/gems/bundler-2.5.23/lib/bundler/vendor/thor/lib/thor/invocation.rb:127:in `invoke_command'
	from /Users/jangyoung/.rbenv/versions/3.0.6/lib/ruby/gems/3.0.0/gems/bundler-2.5.23/lib/bundler/vendor/thor/lib/thor.rb:527:in `dispatch'
	from /Users/jangyoung/.rbenv/versions/3.0.6/lib/ruby/gems/3.0.0/gems/bundler-2.5.23/lib/bundler/cli.rb:35:in `dispatch'
	from /Users/jangyoung/.rbenv/versions/3.0.6/lib/ruby/gems/3.0.0/gems/bundler-2.5.23/lib/bundler/vendor/thor/lib/thor/base.rb:584:in `start'
	from /Users/jangyoung/.rbenv/versions/3.0.6/lib/ruby/gems/3.0.0/gems/bundler-2.5.23/lib/bundler/cli.rb:29:in `start'
	from /Users/jangyoung/.rbenv/versions/3.0.6/lib/ruby/gems/3.0.0/gems/bundler-2.5.23/exe/bundle:28:in `block in <top (required)>'
	from /Users/jangyoung/.rbenv/versions/3.0.6/lib/ruby/gems/3.0.0/gems/bundler-2.5.23/lib/bundler/friendly_errors.rb:117:in `with_friendly_errors'
	from /Users/jangyoung/.rbenv/versions/3.0.6/lib/ruby/gems/3.0.0/gems/bundler-2.5.23/exe/bundle:20:in `<top (required)>'
	from /Users/jangyoung/.rbenv/versions/3.0.6/bin/bundle:23:in `load'
	from /Users/jangyoung/.rbenv/versions/3.0.6/bin/bundle:23:in `<main>'
